#eta_center xi_center pdf_xi pdf_gauss count pdf_eta
8.0124223602e-01 -1.9638386876e+01 0.0000000000e+00 7.1540227284e-85 0.0000000000e+00 0.0000000000e+00
8.0372670807e-01 -1.9392916447e+01 0.0000000000e+00 8.6108241285e-83 0.0000000000e+00 0.0000000000e+00
8.0621118012e-01 -1.9147446017e+01 0.0000000000e+00 9.7582151838e-81 0.0000000000e+00 0.0000000000e+00
8.0869565217e-01 -1.8901975587e+01 0.0000000000e+00 1.0411836282e-78 0.0000000000e+00 0.0000000000e+00
8.1118012422e-01 -1.8656505158e+01 0.0000000000e+00 1.0459611130e-76 0.0000000000e+00 0.0000000000e+00
8.1366459627e-01 -1.8411034728e+01 0.0000000000e+00 9.8931595839e-75 0.0000000000e+00 0.0000000000e+00
8.1614906832e-01 -1.8165564298e+01 0.0000000000e+00 8.8101998265e-73 0.0000000000e+00 0.0000000000e+00
8.1863354037e-01 -1.7920093868e+01 0.0000000000e+00 7.3869944253e-71 0.0000000000e+00 0.0000000000e+00
8.2111801242e-01 -1.7674623439e+01 0.0000000000e+00 5.8315103642e-69 0.0000000000e+00 0.0000000000e+00
8.2360248447e-01 -1.7429153009e+01 0.0000000000e+00 4.3343661950e-67 0.0000000000e+00 0.0000000000e+00
8.2608695652e-01 -1.7183682579e+01 0.0000000000e+00 3.0332025844e-65 0.0000000000e+00 0.0000000000e+00
8.2857142857e-01 -1.6938212149e+01 0.0000000000e+00 1.9985200164e-63 0.0000000000e+00 0.0000000000e+00
8.3105590062e-01 -1.6692741720e+01 0.0000000000e+00 1.2397863643e-61 0.0000000000e+00 0.0000000000e+00
8.3354037267e-01 -1.6447271290e+01 0.0000000000e+00 7.2412989415e-60 0.0000000000e+00 0.0000000000e+00
8.3602484472e-01 -1.6201800860e+01 0.0000000000e+00 3.9821477183e-58 0.0000000000e+00 0.0000000000e+00
8.3850931677e-01 -1.5956330431e+01 0.0000000000e+00 2.0618141878e-56 0.0000000000e+00 0.0000000000e+00
8.4099378882e-01 -1.5710860001e+01 0.0000000000e+00 1.0051085087e-54 0.0000000000e+00 0.0000000000e+00
8.4347826087e-01 -1.5465389571e+01 0.0000000000e+00 4.6132569361e-53 0.0000000000e+00 0.0000000000e+00
8.4596273292e-01 -1.5219919141e+01 0.0000000000e+00 1.9935797123e-51 0.0000000000e+00 0.0000000000e+00
8.4844720497e-01 -1.4974448712e+01 0.0000000000e+00 8.1113069348e-50 0.0000000000e+00 0.0000000000e+00
8.5093167702e-01 -1.4728978282e+01 0.0000000000e+00 3.1072724458e-48 0.0000000000e+00 0.0000000000e+00
8.5341614907e-01 -1.4483507852e+01 0.0000000000e+00 1.1207251045e-46 0.0000000000e+00 0.0000000000e+00
8.5590062112e-01 -1.4238037423e+01 0.0000000000e+00 3.8058365705e-45 0.0000000000e+00 0.0000000000e+00
8.5838509317e-01 -1.3992566993e+01 0.0000000000e+00 1.2168370869e-43 0.0000000000e+00 0.0000000000e+00
8.6086956522e-01 -1.3747096563e+01 0.0000000000e+00 3.6630766689e-42 0.0000000000e+00 0.0000000000e+00
8.6335403727e-01 -1.3501626133e+01 0.0000000000e+00 1.0382234829e-40 0.0000000000e+00 0.0000000000e+00
8.6583850932e-01 -1.3256155704e+01 0.0000000000e+00 2.7705561410e-39 0.0000000000e+00 0.0000000000e+00
8.6832298137e-01 -1.3010685274e+01 0.0000000000e+00 6.9610432201e-38 0.0000000000e+00 0.0000000000e+00
8.7080745342e-01 -1.2765214844e+01 0.0000000000e+00 1.6466942679e-36 0.0000000000e+00 0.0000000000e+00
8.7329192547e-01 -1.2519744415e+01 0.0000000000e+00 3.6676077805e-35 0.0000000000e+00 0.0000000000e+00
8.7577639752e-01 -1.2274273985e+01 0.0000000000e+00 7.6910222041e-34 0.0000000000e+00 0.0000000000e+00
8.7826086957e-01 -1.2028803555e+01 0.0000000000e+00 1.5185060030e-32 0.0000000000e+00 0.0000000000e+00
8.8074534161e-01 -1.1783333125e+01 0.0000000000e+00 2.8228007828e-31 0.0000000000e+00 0.0000000000e+00
8.8322981366e-01 -1.1537862696e+01 0.0000000000e+00 4.9405490282e-30 0.0000000000e+00 0.0000000000e+00
8.8571428571e-01 -1.1292392266e+01 0.0000000000e+00 8.1414444844e-29 0.0000000000e+00 0.0000000000e+00
8.8819875776e-01 -1.1046921836e+01 0.0000000000e+00 1.2631618084e-27 0.0000000000e+00 0.0000000000e+00
8.9068322981e-01 -1.0801451407e+01 0.0000000000e+00 1.8452183932e-26 0.0000000000e+00 0.0000000000e+00
8.9316770186e-01 -1.0555980977e+01 0.0000000000e+00 2.5378609999e-25 0.0000000000e+00 0.0000000000e+00
8.9565217391e-01 -1.0310510547e+01 0.0000000000e+00 3.2863904267e-24 0.0000000000e+00 0.0000000000e+00
8.9813664596e-01 -1.0065040117e+01 0.0000000000e+00 4.0068376869e-23 0.0000000000e+00 0.0000000000e+00
9.0062111801e-01 -9.8195696877e+00 0.0000000000e+00 4.5995528270e-22 0.0000000000e+00 0.0000000000e+00
9.0310559006e-01 -9.5740992579e+00 0.0000000000e+00 4.9711943306e-21 0.0000000000e+00 0.0000000000e+00
9.0559006211e-01 -9.3286288282e+00 0.0000000000e+00 5.0586791886e-20 0.0000000000e+00 0.0000000000e+00
9.0807453416e-01 -9.0831583985e+00 0.0000000000e+00 4.8466851038e-19 0.0000000000e+00 0.0000000000e+00
9.1055900621e-01 -8.8376879688e+00 0.0000000000e+00 4.3720360847e-18 0.0000000000e+00 0.0000000000e+00
9.1304347826e-01 -8.5922175391e+00 0.0000000000e+00 3.7132478628e-17 0.0000000000e+00 0.0000000000e+00
9.1552795031e-01 -8.3467471094e+00 0.0000000000e+00 2.9693091044e-16 0.0000000000e+00 0.0000000000e+00
9.1801242236e-01 -8.1012766796e+00 0.0000000000e+00 2.2355693576e-15 0.0000000000e+00 0.0000000000e+00
9.2049689441e-01 -7.8558062499e+00 0.0000000000e+00 1.5847185976e-14 0.0000000000e+00 0.0000000000e+00
9.2298136646e-01 -7.6103358202e+00 0.0000000000e+00 1.0576632861e-13 0.0000000000e+00 0.0000000000e+00
9.2546583851e-01 -7.3648653905e+00 0.0000000000e+00 6.6462086602e-13 0.0000000000e+00 0.0000000000e+00
9.2795031056e-01 -7.1193949608e+00 0.0000000000e+00 3.9321654495e-12 0.0000000000e+00 0.0000000000e+00
9.3043478261e-01 -6.8739245310e+00 0.0000000000e+00 2.1903870437e-11 0.0000000000e+00 0.0000000000e+00
9.3291925466e-01 -6.6284541013e+00 0.0000000000e+00 1.1487914883e-10 0.0000000000e+00 0.0000000000e+00
9.3540372671e-01 -6.3829836716e+00 0.0000000000e+00 5.6727392886e-10 0.0000000000e+00 0.0000000000e+00
9.3788819876e-01 -6.1375132419e+00 0.0000000000e+00 2.6373982150e-09 0.0000000000e+00 0.0000000000e+00
9.4037267081e-01 -5.8920428122e+00 0.0000000000e+00 1.1544891601e-08 0.0000000000e+00 0.0000000000e+00
9.4285714286e-01 -5.6465723824e+00 0.0000000000e+00 4.7581187790e-08 0.0000000000e+00 0.0000000000e+00
9.4534161491e-01 -5.4011019527e+00 0.0000000000e+00 1.8463412273e-07 0.0000000000e+00 0.0000000000e+00
9.4782608696e-01 -5.1556315230e+00 0.0000000000e+00 6.7455897246e-07 0.0000000000e+00 0.0000000000e+00
9.5031055901e-01 -4.9101610933e+00 0.0000000000e+00 2.3203801818e-06 0.0000000000e+00 0.0000000000e+00
9.5279503106e-01 -4.6646906636e+00 0.0000000000e+00 7.5150113336e-06 0.0000000000e+00 0.0000000000e+00
9.5527950311e-01 -4.4192202339e+00 0.0000000000e+00 2.2915608840e-05 0.0000000000e+00 0.0000000000e+00
9.5776397516e-01 -4.1737498041e+00 0.0000000000e+00 6.5790688160e-05 0.0000000000e+00 0.0000000000e+00
9.6024844720e-01 -3.9282793744e+00 0.0000000000e+00 1.7783970360e-04 0.0000000000e+00 0.0000000000e+00
9.6273291925e-01 -3.6828089447e+00 0.0000000000e+00 4.5261015192e-04 0.0000000000e+00 0.0000000000e+00
9.6521739130e-01 -3.4373385150e+00 2.1251656586e-04 1.0845538589e-03 1.5890149496e+01 2.0997029429e-02
9.6770186335e-01 -3.1918680853e+00 2.0594803003e-03 2.4468605848e-03 1.5399011237e+02 2.0348045951e-01
9.7018633540e-01 -2.9463976555e+00 4.9321657620e-03 5.1975490268e-03 3.6878466854e+02 4.8730709174e-01
9.7267080745e-01 -2.7009272258e+00 9.1596630361e-03 1.0394874064e-02 6.8488032636e+02 9.0499163467e-01
9.7515527950e-01 -2.4554567961e+00 1.7078289206e-02 1.9573619328e-02 1.2769666569e+03 1.6873665336e+00
9.7763975155e-01 -2.2099863664e+00 3.2486281470e-02 3.4701984515e-02 2.4290429645e+03 3.2097046426e+00
9.8012422360e-01 -1.9645159367e+00 5.5171331355e-02 5.7925361612e-02 4.1252346593e+03 5.4510294924e+00
9.8260869565e-01 -1.7190455070e+00 8.5312432747e-02 9.1036271798e-02 6.3789253547e+03 8.4290260095e+00
9.8509316770e-01 -1.4735750772e+00 1.3228597072e-01 1.3470739634e-01 9.8911999754e+03 1.3070098366e+01
9.8757763975e-01 -1.2281046475e+00 1.9329799354e-01 1.8767208912e-01 1.4453150993e+04 1.9098198969e+01
9.9006211180e-01 -9.8263421780e-01 2.5671734132e-01 2.4617231120e-01 1.9195100934e+04 2.5364147726e+01
9.9254658385e-01 -7.3716378808e-01 3.2218979278e-01 3.0402548209e-01 2.4090564201e+04 3.1832946921e+01
9.9503105590e-01 -4.9169335836e-01 3.5863755093e-01 3.5351841115e-01 2.6815812105e+04 3.5434052780e+01
9.9751552795e-01 -2.4622292865e-01 4.0158202415e-01 3.8703064676e-01 3.0026828135e+04 3.9677046094e+01
1.0000000000e+00 -7.5249892782e-04 4.0260100517e-01 3.9894216745e-01 3.0103018716e+04 3.9777723302e+01
1.0024844720e+00 2.4471793079e-01 3.7743448015e-01 3.8717365486e-01 2.8221283788e+04 3.7291224124e+01
1.0049689441e+00 4.9018836051e-01 3.5575388078e-01 3.5377971003e-01 2.6600196209e+04 3.5149140841e+01
1.0074534161e+00 7.3565879023e-01 2.8978521607e-01 3.0436261953e-01 2.1667630411e+04 2.8631314860e+01
1.0099378882e+00 9.8112921995e-01 2.4167368406e-01 2.4653635630e-01 1.8070266445e+04 2.3877806588e+01
1.0124223602e+00 1.2265996497e+00 1.7033886042e-01 1.8801907031e-01 1.2736465725e+04 1.6829794189e+01
1.0149068323e+00 1.4720700794e+00 1.2424551946e-01 1.3500631923e-01 9.2900046194e+03 1.2275686924e+01
1.0173913043e+00 1.7175405091e+00 8.9290315625e-02 9.1271998748e-02 6.6763570084e+03 8.8220481888e+00
1.0198757764e+00 1.9630109388e+00 5.5952655957e-02 5.8096810918e-02 4.1836553508e+03 5.5282258069e+00
1.0223602484e+00 2.2084813685e+00 4.0707293324e-02 3.4817556900e-02 3.0437390794e+03 4.0219558059e+00
1.0248447205e+00 2.4539517983e+00 2.3994691922e-02 1.9646064369e-02 1.7941153915e+03 2.3707199032e+00
1.0273291925e+00 2.6994222280e+00 1.4125251159e-02 1.0437202255e-02 1.0561640298e+03 1.3956009174e+00
1.0298136646e+00 2.9448926577e+00 7.7614037335e-03 5.2206418970e-03 5.8033059743e+02 7.6684103165e-01
1.0322981366e+00 3.1903630874e+00 4.1731684283e-03 2.4586401954e-03 3.1203341694e+02 4.1231675257e-01
1.0347826087e+00 3.4358335171e+00 2.6409477752e-03 1.0901777617e-03 1.9746721763e+02 2.6093052056e-01
1.0372670807e+00 3.6813039468e+00 1.3689489163e-03 4.5512524746e-04 1.0235815191e+02 1.3525468269e-01
1.0397515528e+00 3.9267743766e+00 4.8891096276e-04 1.7889401268e-04 3.6556530345e+01 4.8305306609e-02
1.0422360248e+00 4.1722448063e+00 2.0421180967e-04 6.6205177045e-05 1.5269191705e+01 2.0176504171e-02
1.0447204969e+00 4.4177152360e+00 1.0777982042e-04 2.3068500484e-05 8.0588421532e+00 1.0648845430e-02
1.0472049689e+00 4.6631856657e+00 3.7449250991e-05 7.5679463924e-06 2.8001308716e+00 3.7000552027e-03
1.0496894410e+00 4.9086560954e+00 1.9341929263e-06 2.3375881510e-06 1.4462220689e-01 1.9110183544e-04
1.0521739130e+00 5.1541265252e+00 0.0000000000e+00 6.7981260892e-07 0.0000000000e+00 0.0000000000e+00
1.0546583851e+00 5.3995969549e+00 0.0000000000e+00 1.8614085391e-07 0.0000000000e+00 0.0000000000e+00
1.0571428571e+00 5.6450673846e+00 0.0000000000e+00 4.7987205123e-08 0.0000000000e+00 0.0000000000e+00
1.0596273292e+00 5.8905378143e+00 0.0000000000e+00 1.1647708121e-08 0.0000000000e+00 0.0000000000e+00
1.0621118012e+00 6.1360082440e+00 0.0000000000e+00 2.6618695609e-09 0.0000000000e+00 0.0000000000e+00
1.0645962733e+00 6.3814786737e+00 0.0000000000e+00 5.7274898603e-10 0.0000000000e+00 0.0000000000e+00
1.0670807453e+00 6.6269491035e+00 0.0000000000e+00 1.1603076515e-10 0.0000000000e+00 0.0000000000e+00
1.0695652174e+00 6.8724195332e+00 0.0000000000e+00 2.2131622379e-11 0.0000000000e+00 0.0000000000e+00
1.0720496894e+00 7.1178899629e+00 0.0000000000e+00 3.9745193427e-12 0.0000000000e+00 0.0000000000e+00
1.0745341615e+00 7.3633603926e+00 0.0000000000e+00 6.7202781154e-13 0.0000000000e+00 0.0000000000e+00
1.0770186335e+00 7.6088308223e+00 0.0000000000e+00 1.0698457019e-13 0.0000000000e+00 0.0000000000e+00
1.0795031056e+00 7.8543012521e+00 0.0000000000e+00 1.6035640603e-14 0.0000000000e+00 0.0000000000e+00
1.0819875776e+00 8.0997716818e+00 0.0000000000e+00 2.2629906009e-15 0.0000000000e+00 0.0000000000e+00
1.0844720497e+00 8.3452421115e+00 0.0000000000e+00 3.0068409368e-16 0.0000000000e+00 0.0000000000e+00
1.0869565217e+00 8.5907125412e+00 0.0000000000e+00 3.7615724126e-17 0.0000000000e+00 0.0000000000e+00
1.0894409938e+00 8.8361829709e+00 0.0000000000e+00 4.4305706595e-18 0.0000000000e+00 0.0000000000e+00
1.0919254658e+00 9.0816534006e+00 0.0000000000e+00 4.9133893006e-19 0.0000000000e+00 0.0000000000e+00
1.0944099379e+00 9.3271238304e+00 0.0000000000e+00 5.1301959389e-20 0.0000000000e+00 0.0000000000e+00
1.0968944099e+00 9.5725942601e+00 0.0000000000e+00 5.0433370978e-21 0.0000000000e+00 0.0000000000e+00
1.0993788820e+00 9.8180646898e+00 0.0000000000e+00 4.6680264753e-22 0.0000000000e+00 0.0000000000e+00
1.1018633540e+00 1.0063535120e+01 0.0000000000e+00 4.0679901414e-23 0.0000000000e+00 0.0000000000e+00
1.1043478261e+00 1.0309005549e+01 0.0000000000e+00 3.3377802542e-24 0.0000000000e+00 0.0000000000e+00
1.1068322981e+00 1.0554475979e+01 0.0000000000e+00 2.5784983547e-25 0.0000000000e+00 0.0000000000e+00
1.1093167702e+00 1.0799946409e+01 0.0000000000e+00 1.8754575747e-26 0.0000000000e+00 0.0000000000e+00
1.1118012422e+00 1.1045416838e+01 0.0000000000e+00 1.2843367159e-27 0.0000000000e+00 0.0000000000e+00
1.1142857143e+00 1.1290887268e+01 0.0000000000e+00 8.2809816074e-29 0.0000000000e+00 0.0000000000e+00
1.1167701863e+00 1.1536357698e+01 0.0000000000e+00 5.0270824723e-30 0.0000000000e+00 0.0000000000e+00
1.1192546584e+00 1.1781828128e+01 0.0000000000e+00 2.8733032785e-31 0.0000000000e+00 0.0000000000e+00
1.1217391304e+00 1.2027298557e+01 0.0000000000e+00 1.5462445959e-32 0.0000000000e+00 0.0000000000e+00
1.1242236025e+00 1.2272768987e+01 0.0000000000e+00 7.8344080787e-34 0.0000000000e+00 0.0000000000e+00
1.1267080745e+00 1.2518239417e+01 0.0000000000e+00 3.7373644653e-35 0.0000000000e+00 0.0000000000e+00
1.1291925466e+00 1.2763709846e+01 0.0000000000e+00 1.6786338746e-36 0.0000000000e+00 0.0000000000e+00
1.1316770186e+00 1.3009180276e+01 0.0000000000e+00 7.0986829865e-38 0.0000000000e+00 0.0000000000e+00
1.1341614907e+00 1.3254650706e+01 0.0000000000e+00 2.8263819374e-39 0.0000000000e+00 0.0000000000e+00
1.1366459627e+00 1.3500121136e+01 0.0000000000e+00 1.0595346994e-40 0.0000000000e+00 0.0000000000e+00
1.1391304348e+00 1.3745591565e+01 0.0000000000e+00 3.7396485355e-42 0.0000000000e+00 0.0000000000e+00
1.1416149068e+00 1.3991061995e+01 0.0000000000e+00 1.2427325089e-43 0.0000000000e+00 0.0000000000e+00
1.1440993789e+00 1.4236532425e+01 0.0000000000e+00 3.8882644889e-45 0.0000000000e+00 0.0000000000e+00
1.1465838509e+00 1.4482002854e+01 0.0000000000e+00 1.1454211733e-46 0.0000000000e+00 0.0000000000e+00
1.1490683230e+00 1.4727473284e+01 0.0000000000e+00 3.1769171044e-48 0.0000000000e+00 0.0000000000e+00
1.1515527950e+00 1.4972943714e+01 0.0000000000e+00 8.2961735203e-50 0.0000000000e+00 0.0000000000e+00
1.1540372671e+00 1.5218414144e+01 0.0000000000e+00 2.0397692451e-51 0.0000000000e+00 0.0000000000e+00
1.1565217391e+00 1.5463884573e+01 0.0000000000e+00 4.7218862401e-53 0.0000000000e+00 0.0000000000e+00
1.1590062112e+00 1.5709355003e+01 0.0000000000e+00 1.0291561377e-54 0.0000000000e+00 0.0000000000e+00
1.1614906832e+00 1.5954825433e+01 0.0000000000e+00 2.1119239982e-56 0.0000000000e+00 0.0000000000e+00
1.1639751553e+00 1.6200295862e+01 0.0000000000e+00 4.0804359961e-58 0.0000000000e+00 0.0000000000e+00
1.1664596273e+00 1.6445766292e+01 0.0000000000e+00 7.4227720394e-60 0.0000000000e+00 0.0000000000e+00
1.1689440994e+00 1.6691236722e+01 0.0000000000e+00 1.2713260453e-61 0.0000000000e+00 0.0000000000e+00
1.1714285714e+00 1.6936707152e+01 0.0000000000e+00 2.0501188258e-63 0.0000000000e+00 0.0000000000e+00
1.1739130435e+00 1.7182177581e+01 0.0000000000e+00 3.1126650635e-65 0.0000000000e+00 0.0000000000e+00
1.1763975155e+00 1.7427648011e+01 0.0000000000e+00 4.4495594821e-67 0.0000000000e+00 0.0000000000e+00
1.1788819876e+00 1.7673118441e+01 0.0000000000e+00 5.9887048634e-69 0.0000000000e+00 0.0000000000e+00
1.1813664596e+00 1.7918588871e+01 0.0000000000e+00 7.5889217107e-71 0.0000000000e+00 0.0000000000e+00
1.1838509317e+00 1.8164059300e+01 0.0000000000e+00 9.0543755248e-73 0.0000000000e+00 0.0000000000e+00
1.1863354037e+00 1.8409529730e+01 0.0000000000e+00 1.0171106479e-74 0.0000000000e+00 0.0000000000e+00
1.1888198758e+00 1.8655000160e+01 0.0000000000e+00 1.0757445815e-76 0.0000000000e+00 0.0000000000e+00
1.1913043478e+00 1.8900470589e+01 0.0000000000e+00 1.0712267320e-78 0.0000000000e+00 0.0000000000e+00
1.1937888199e+00 1.9145941019e+01 0.0000000000e+00 1.0043495850e-80 0.0000000000e+00 0.0000000000e+00
1.1962732919e+00 1.9391411449e+01 0.0000000000e+00 8.8658356285e-83 0.0000000000e+00 0.0000000000e+00
1.1987577640e+00 1.9636881879e+01 0.0000000000e+00 7.3686124281e-85 0.0000000000e+00 0.0000000000e+00
