#eta_center xi_center pdf_xi pdf_gauss count pdf_eta
8.0124223602e-01 -2.0350411321e+01 0.0000000000e+00 4.6958750091e-91 0.0000000000e+00 0.0000000000e+00
8.0372670807e-01 -2.0096043393e+01 0.0000000000e+00 8.0498601041e-89 0.0000000000e+00 0.0000000000e+00
8.0621118012e-01 -1.9841675466e+01 0.0000000000e+00 1.2934807294e-86 0.0000000000e+00 0.0000000000e+00
8.0869565217e-01 -1.9587307538e+01 0.0000000000e+00 1.9481904872e-84 0.0000000000e+00 0.0000000000e+00
8.1118012422e-01 -1.9332939610e+01 0.0000000000e+00 2.7504433196e-82 0.0000000000e+00 0.0000000000e+00
8.1366459627e-01 -1.9078571683e+01 0.0000000000e+00 3.6397688706e-80 0.0000000000e+00 0.0000000000e+00
8.1614906832e-01 -1.8824203755e+01 0.0000000000e+00 4.5148646865e-78 0.0000000000e+00 0.0000000000e+00
8.1863354037e-01 -1.8569835827e+01 0.0000000000e+00 5.2494704673e-76 0.0000000000e+00 0.0000000000e+00
8.2111801242e-01 -1.8315467900e+01 0.0000000000e+00 5.7211861743e-74 0.0000000000e+00 0.0000000000e+00
8.2360248447e-01 -1.8061099972e+01 0.0000000000e+00 5.8446228248e-72 0.0000000000e+00 0.0000000000e+00
8.2608695652e-01 -1.7806732044e+01 0.0000000000e+00 5.5966316569e-70 0.0000000000e+00 0.0000000000e+00
8.2857142857e-01 -1.7552364117e+01 0.0000000000e+00 5.0233887109e-68 0.0000000000e+00 0.0000000000e+00
8.3105590062e-01 -1.7297996189e+01 0.0000000000e+00 4.2263617915e-66 0.0000000000e+00 0.0000000000e+00
8.3354037267e-01 -1.7043628261e+01 0.0000000000e+00 3.3330082087e-64 0.0000000000e+00 0.0000000000e+00
8.3602484472e-01 -1.6789260334e+01 0.0000000000e+00 2.4638026654e-62 0.0000000000e+00 0.0000000000e+00
8.3850931677e-01 -1.6534892406e+01 0.0000000000e+00 1.7071641566e-60 0.0000000000e+00 0.0000000000e+00
8.4099378882e-01 -1.6280524478e+01 0.0000000000e+00 1.1087776739e-58 0.0000000000e+00 0.0000000000e+00
8.4347826087e-01 -1.6026156551e+01 0.0000000000e+00 6.7501509810e-57 0.0000000000e+00 0.0000000000e+00
8.4596273292e-01 -1.5771788623e+01 0.0000000000e+00 3.8519649507e-55 0.0000000000e+00 0.0000000000e+00
8.4844720497e-01 -1.5517420695e+01 0.0000000000e+00 2.0603973963e-53 0.0000000000e+00 0.0000000000e+00
8.5093167702e-01 -1.5263052768e+01 0.0000000000e+00 1.0330455794e-51 0.0000000000e+00 0.0000000000e+00
8.5341614907e-01 -1.5008684840e+01 0.0000000000e+00 4.8549839717e-50 0.0000000000e+00 0.0000000000e+00
8.5590062112e-01 -1.4754316913e+01 0.0000000000e+00 2.1387299095e-48 0.0000000000e+00 0.0000000000e+00
8.5838509317e-01 -1.4499948985e+01 0.0000000000e+00 8.8312852170e-47 0.0000000000e+00 0.0000000000e+00
8.6086956522e-01 -1.4245581057e+01 0.0000000000e+00 3.4181546254e-45 0.0000000000e+00 0.0000000000e+00
8.6335403727e-01 -1.3991213130e+01 0.0000000000e+00 1.2401074718e-43 0.0000000000e+00 0.0000000000e+00
8.6583850932e-01 -1.3736845202e+01 0.0000000000e+00 4.2172249688e-42 0.0000000000e+00 0.0000000000e+00
8.6832298137e-01 -1.3482477274e+01 0.0000000000e+00 1.3442933176e-40 0.0000000000e+00 0.0000000000e+00
8.7080745342e-01 -1.3228109347e+01 0.0000000000e+00 4.0166236036e-39 0.0000000000e+00 0.0000000000e+00
8.7329192547e-01 -1.2973741419e+01 0.0000000000e+00 1.1249366287e-37 0.0000000000e+00 0.0000000000e+00
8.7577639752e-01 -1.2719373491e+01 0.0000000000e+00 2.9532132308e-36 0.0000000000e+00 0.0000000000e+00
8.7826086957e-01 -1.2465005564e+01 0.0000000000e+00 7.2671040526e-35 0.0000000000e+00 0.0000000000e+00
8.8074534161e-01 -1.2210637636e+01 0.0000000000e+00 1.6762074917e-33 0.0000000000e+00 0.0000000000e+00
8.8322981366e-01 -1.1956269708e+01 0.0000000000e+00 3.6240485054e-32 0.0000000000e+00 0.0000000000e+00
8.8571428571e-01 -1.1701901781e+01 0.0000000000e+00 7.3444630766e-31 0.0000000000e+00 0.0000000000e+00
8.8819875776e-01 -1.1447533853e+01 0.0000000000e+00 1.3951661396e-29 0.0000000000e+00 0.0000000000e+00
8.9068322981e-01 -1.1193165925e+01 0.0000000000e+00 2.4842290085e-28 0.0000000000e+00 0.0000000000e+00
8.9316770186e-01 -1.0938797998e+01 0.0000000000e+00 4.1462659547e-27 0.0000000000e+00 0.0000000000e+00
8.9565217391e-01 -1.0684430070e+01 0.0000000000e+00 6.4866805127e-26 0.0000000000e+00 0.0000000000e+00
8.9813664596e-01 -1.0430062143e+01 0.0000000000e+00 9.5123470421e-25 0.0000000000e+00 0.0000000000e+00
9.0062111801e-01 -1.0175694215e+01 0.0000000000e+00 1.3075330953e-23 0.0000000000e+00 0.0000000000e+00
9.0310559006e-01 -9.9213262872e+00 0.0000000000e+00 1.6846803862e-22 0.0000000000e+00 0.0000000000e+00
9.0559006211e-01 -9.6669583596e+00 0.0000000000e+00 2.0346146849e-21 0.0000000000e+00 0.0000000000e+00
9.0807453416e-01 -9.4125904319e+00 0.0000000000e+00 2.3032795699e-20 0.0000000000e+00 0.0000000000e+00
9.1055900621e-01 -9.1582225043e+00 0.0000000000e+00 2.4440549261e-19 0.0000000000e+00 0.0000000000e+00
9.1304347826e-01 -8.9038545766e+00 0.0000000000e+00 2.4309447796e-18 0.0000000000e+00 0.0000000000e+00
9.1552795031e-01 -8.6494866490e+00 0.0000000000e+00 2.2664129931e-17 0.0000000000e+00 0.0000000000e+00
9.1801242236e-01 -8.3951187213e+00 0.0000000000e+00 1.9806276358e-16 0.0000000000e+00 0.0000000000e+00
9.2049689441e-01 -8.1407507937e+00 0.0000000000e+00 1.6224317751e-15 0.0000000000e+00 0.0000000000e+00
9.2298136646e-01 -7.8863828660e+00 0.0000000000e+00 1.2457470798e-14 0.0000000000e+00 0.0000000000e+00
9.2546583851e-01 -7.6320149384e+00 0.0000000000e+00 8.9658844585e-14 0.0000000000e+00 0.0000000000e+00
9.2795031056e-01 -7.3776470107e+00 0.0000000000e+00 6.0486189205e-13 0.0000000000e+00 0.0000000000e+00
9.3043478261e-01 -7.1232790831e+00 0.0000000000e+00 3.8248916310e-12 0.0000000000e+00 0.0000000000e+00
9.3291925466e-01 -6.8689111554e+00 0.0000000000e+00 2.2671584410e-11 0.0000000000e+00 0.0000000000e+00
9.3540372671e-01 -6.6145432278e+00 0.0000000000e+00 1.2596341741e-10 0.0000000000e+00 0.0000000000e+00
9.3788819876e-01 -6.3601753001e+00 0.0000000000e+00 6.5600450653e-10 0.0000000000e+00 0.0000000000e+00
9.4037267081e-01 -6.1058073725e+00 0.0000000000e+00 3.2023517729e-09 0.0000000000e+00 0.0000000000e+00
9.4285714286e-01 -5.8514394448e+00 0.0000000000e+00 1.4653152728e-08 0.0000000000e+00 0.0000000000e+00
9.4534161491e-01 -5.5970715172e+00 0.0000000000e+00 6.2848214115e-08 0.0000000000e+00 0.0000000000e+00
9.4782608696e-01 -5.3427035895e+00 0.0000000000e+00 2.5267055373e-07 0.0000000000e+00 0.0000000000e+00
9.5031055901e-01 -5.0883356619e+00 0.0000000000e+00 9.5217362734e-07 0.0000000000e+00 0.0000000000e+00
9.5279503106e-01 -4.8339677342e+00 0.0000000000e+00 3.3633920285e-06 0.0000000000e+00 0.0000000000e+00
9.5527950311e-01 -4.5795998066e+00 0.0000000000e+00 1.1136241955e-05 0.0000000000e+00 0.0000000000e+00
9.5776397516e-01 -4.3252318789e+00 1.6225125410e-10 3.4562062520e-05 1.2994751607e-05 1.6611784894e-08
9.6024844720e-01 -4.0708639513e+00 0.0000000000e+00 1.0054499813e-04 0.0000000000e+00 0.0000000000e+00
9.6273291925e-01 -3.8164960236e+00 2.1659010279e-05 2.7417074674e-04 1.7346766297e+00 2.2175164177e-03
9.6521739130e-01 -3.5621280960e+00 3.1984560875e-04 7.0077981661e-04 2.5616530741e+01 3.2746782028e-02
9.6770186335e-01 -3.3077601683e+00 1.3660615566e-03 1.6789659202e-03 1.0940827981e+02 1.3986160450e-01
9.7018633540e-01 -3.0533922407e+00 2.3703988760e-03 3.7705265422e-03 1.8984595696e+02 2.4268876354e-01
9.7267080745e-01 -2.7990243130e+00 5.6446120284e-03 7.9371017786e-03 4.5207867042e+02 5.7791282628e-01
9.7515527950e-01 -2.5446563854e+00 1.2207667141e-02 1.5661080505e-02 9.7771572298e+02 1.2498586944e+00
9.7763975155e-01 -2.2902884577e+00 2.2223503548e-02 2.8965519389e-02 1.7798870649e+03 2.2753109834e+00
9.8012422360e-01 -2.0359205301e+00 4.2728392989e-02 5.0215841437e-02 3.4221298106e+03 4.3746649425e+00
9.8260869565e-01 -1.7815526024e+00 7.8638083081e-02 8.1601847951e-02 6.2981476610e+03 8.0512100066e+00
9.8509316770e-01 -1.5271846748e+00 1.3031543523e-01 1.2429654846e-01 1.0437002295e+04 1.3342097048e+01
9.8757763975e-01 -1.2728167471e+00 1.8993691497e-01 1.7746714796e-01 1.5212104490e+04 1.9446328426e+01
9.9006211180e-01 -1.0184488195e+00 2.5217256675e-01 2.3750715440e-01 2.0196576509e+04 2.5818206819e+01
9.9254658385e-01 -7.6408089183e-01 3.2644968487e-01 2.9794441467e-01 2.6145453178e+04 3.3422927754e+01
9.9503105590e-01 -5.0971296418e-01 3.6074094278e-01 3.5034314653e-01 2.8891850310e+04 3.6933772729e+01
9.9751552795e-01 -2.5534503653e-01 3.9183944859e-01 3.8614625704e-01 3.1382538968e+04 4.0117733875e+01
1.0000000000e+00 -9.7710887957e-04 3.8054610497e-01 3.9894208996e-01 3.0478051690e+04 3.8961486449e+01
1.0024844720e+00 2.5339081877e-01 3.6939379446e-01 3.8633825432e-01 2.9584859796e+04 3.7819678428e+01
1.0049689441e+00 5.0775874642e-01 3.4812394760e-01 3.5069162410e-01 2.7881351381e+04 3.5642005764e+01
1.0074534161e+00 7.6212667407e-01 2.8302402318e-01 2.9838906199e-01 2.2667478908e+04 2.8976874286e+01
1.0099378882e+00 1.0164946017e+00 2.3297382523e-01 2.3797987425e-01 1.8658943542e+04 2.3852580321e+01
1.0124223602e+00 1.2708625294e+00 1.6859872987e-01 1.7790878258e-01 1.3503122846e+04 1.7261659082e+01
1.0149068323e+00 1.5252304570e+00 1.2250786453e-01 1.2466782152e-01 9.8116916155e+03 1.2542733827e+01
1.0173913043e+00 1.7795983847e+00 8.4526684319e-02 8.1886286958e-02 6.7697675005e+03 8.6541032024e+00
1.0198757764e+00 2.0339663123e+00 5.0808282165e-02 5.0415933499e-02 4.0692505583e+03 5.2019089703e+00
1.0223602484e+00 2.2883342400e+00 3.2589090510e-02 2.9095396008e-02 2.6100700338e+03 3.3365718153e+00
1.0248447205e+00 2.5427021676e+00 1.8336923701e-02 1.5739124033e-02 1.4686097193e+03 1.8773909257e+00
1.0273291925e+00 2.7970700953e+00 1.0538393997e-02 7.9806206719e-03 8.4402313615e+02 1.0789533503e+00
1.0298136646e+00 3.0514380229e+00 6.0895630992e-03 3.7930852647e-03 4.8771493515e+02 6.2346829220e-01
1.0322981366e+00 3.3058059506e+00 2.8418097680e-03 1.6898508226e-03 2.2760139670e+02 2.9095326774e-01
1.0347826087e+00 3.5601738782e+00 1.8202960144e-03 7.0567373800e-04 1.4578805378e+02 1.8636753227e-01
1.0372670807e+00 3.8145418059e+00 1.1184336891e-03 2.7622270166e-04 8.9575689630e+01 1.1450869803e-01
1.0397515528e+00 4.0689097335e+00 4.5858044128e-04 1.0134786581e-04 3.6727845091e+01 4.6950882995e-02
1.0422360248e+00 4.3232776612e+00 4.1668191258e-05 3.4855368004e-05 3.3372179360e+00 4.2661182123e-03
1.0447204969e+00 4.5776455888e+00 0.0000000000e+00 1.1236331997e-05 0.0000000000e+00 0.0000000000e+00
1.0472049689e+00 4.8320135165e+00 0.0000000000e+00 3.3953087965e-06 0.0000000000e+00 0.0000000000e+00
1.0496894410e+00 5.0863814441e+00 0.0000000000e+00 9.6168716575e-07 0.0000000000e+00 0.0000000000e+00
1.0521739130e+00 5.3407493718e+00 0.0000000000e+00 2.5532197041e-07 0.0000000000e+00 0.0000000000e+00
1.0546583851e+00 5.5951172994e+00 0.0000000000e+00 6.3539293302e-08 0.0000000000e+00 0.0000000000e+00
1.0571428571e+00 5.8494852271e+00 0.0000000000e+00 1.4821644713e-08 0.0000000000e+00 0.0000000000e+00
1.0596273292e+00 6.1038531547e+00 0.0000000000e+00 3.2407851692e-09 0.0000000000e+00 0.0000000000e+00
1.0621118012e+00 6.3582210824e+00 0.0000000000e+00 6.6420770990e-10 0.0000000000e+00 0.0000000000e+00
1.0645962733e+00 6.6125890100e+00 0.0000000000e+00 1.2760197835e-10 0.0000000000e+00 0.0000000000e+00
1.0670807453e+00 6.8669569377e+00 0.0000000000e+00 2.2977920829e-11 0.0000000000e+00 0.0000000000e+00
1.0695652174e+00 7.1213248653e+00 0.0000000000e+00 3.8785007104e-12 0.0000000000e+00 0.0000000000e+00
1.0720496894e+00 7.3756927930e+00 0.0000000000e+00 6.1364450212e-13 0.0000000000e+00 0.0000000000e+00
1.0745341615e+00 7.6300607206e+00 0.0000000000e+00 9.1005920211e-14 0.0000000000e+00 0.0000000000e+00
1.0770186335e+00 7.8844286483e+00 0.0000000000e+00 1.2650924646e-14 0.0000000000e+00 0.0000000000e+00
1.0795031056e+00 8.1387965759e+00 0.0000000000e+00 1.6484459733e-15 0.0000000000e+00 0.0000000000e+00
1.0819875776e+00 8.3931645036e+00 0.0000000000e+00 2.0133857604e-16 0.0000000000e+00 0.0000000000e+00
1.0844720497e+00 8.6475324312e+00 0.0000000000e+00 2.3050433273e-17 0.0000000000e+00 0.0000000000e+00
1.0869565217e+00 8.9019003589e+00 0.0000000000e+00 2.4736088106e-18 0.0000000000e+00 0.0000000000e+00
1.0894409938e+00 9.1562682865e+00 0.0000000000e+00 2.4881855909e-19 0.0000000000e+00 0.0000000000e+00
1.0919254658e+00 9.4106362141e+00 0.0000000000e+00 2.3460342493e-20 0.0000000000e+00 0.0000000000e+00
1.0944099379e+00 9.6650041418e+00 0.0000000000e+00 2.0734126836e-21 0.0000000000e+00 0.0000000000e+00
1.0968944099e+00 9.9193720694e+00 0.0000000000e+00 1.7176591191e-22 0.0000000000e+00 0.0000000000e+00
1.0993788820e+00 1.0173739997e+01 0.0000000000e+00 1.3337917707e-23 0.0000000000e+00 0.0000000000e+00
1.1018633540e+00 1.0428107925e+01 0.0000000000e+00 9.7082044400e-25 0.0000000000e+00 0.0000000000e+00
1.1043478261e+00 1.0682475852e+01 0.0000000000e+00 6.6235316934e-26 0.0000000000e+00 0.0000000000e+00
1.1068322981e+00 1.0936843780e+01 0.0000000000e+00 4.2358458774e-27 0.0000000000e+00 0.0000000000e+00
1.1093167702e+00 1.1191211708e+01 0.0000000000e+00 2.5391625639e-28 0.0000000000e+00 0.0000000000e+00
1.1118012422e+00 1.1445579635e+01 0.0000000000e+00 1.4267263713e-29 0.0000000000e+00 0.0000000000e+00
1.1142857143e+00 1.1699947563e+01 0.0000000000e+00 7.5143374918e-31 0.0000000000e+00 0.0000000000e+00
1.1167701863e+00 1.1954315491e+01 0.0000000000e+00 3.7097148643e-32 0.0000000000e+00 0.0000000000e+00
1.1192546584e+00 1.2208683418e+01 0.0000000000e+00 1.7166833279e-33 0.0000000000e+00 0.0000000000e+00
1.1217391304e+00 1.2463051346e+01 0.0000000000e+00 7.4462853388e-35 0.0000000000e+00 0.0000000000e+00
1.1242236025e+00 1.2717419274e+01 0.0000000000e+00 3.0275336901e-36 0.0000000000e+00 0.0000000000e+00
1.1267080745e+00 1.2971787201e+01 0.0000000000e+00 1.1538201543e-37 0.0000000000e+00 0.0000000000e+00
1.1291925466e+00 1.3226155129e+01 0.0000000000e+00 4.1218015897e-39 0.0000000000e+00 0.0000000000e+00
1.1316770186e+00 1.3480523057e+01 0.0000000000e+00 1.3801804446e-40 0.0000000000e+00 0.0000000000e+00
1.1341614907e+00 1.3734890984e+01 0.0000000000e+00 4.3319604474e-42 0.0000000000e+00 0.0000000000e+00
1.1366459627e+00 1.3989258912e+01 0.0000000000e+00 1.2744796967e-43 0.0000000000e+00 0.0000000000e+00
1.1391304348e+00 1.4243626839e+01 0.0000000000e+00 3.5146427359e-45 0.0000000000e+00 0.0000000000e+00
1.1416149068e+00 1.4497994767e+01 0.0000000000e+00 9.0850908659e-47 0.0000000000e+00 0.0000000000e+00
1.1440993789e+00 1.4752362695e+01 0.0000000000e+00 2.2012896458e-48 0.0000000000e+00 0.0000000000e+00
1.1465838509e+00 1.5006730622e+01 0.0000000000e+00 4.9994811113e-50 0.0000000000e+00 0.0000000000e+00
1.1490683230e+00 1.5261098550e+01 0.0000000000e+00 1.0643206750e-51 0.0000000000e+00 0.0000000000e+00
1.1515527950e+00 1.5515466478e+01 0.0000000000e+00 2.1238306841e-53 0.0000000000e+00 0.0000000000e+00
1.1540372671e+00 1.5769834405e+01 0.0000000000e+00 3.9725292990e-55 0.0000000000e+00 0.0000000000e+00
1.1565217391e+00 1.6024202333e+01 0.0000000000e+00 6.9648882490e-57 0.0000000000e+00 0.0000000000e+00
1.1590062112e+00 1.6278570261e+01 0.0000000000e+00 1.1446191876e-58 0.0000000000e+00 0.0000000000e+00
1.1614906832e+00 1.6532938188e+01 0.0000000000e+00 1.7632249263e-60 0.0000000000e+00 0.0000000000e+00
1.1639751553e+00 1.6787306116e+01 0.0000000000e+00 2.5459756004e-62 0.0000000000e+00 0.0000000000e+00
1.1664596273e+00 1.7041674044e+01 0.0000000000e+00 3.4458834432e-64 0.0000000000e+00 0.0000000000e+00
1.1689440994e+00 1.7296041971e+01 0.0000000000e+00 4.3716637971e-66 0.0000000000e+00 0.0000000000e+00
1.1714285714e+00 1.7550409899e+01 0.0000000000e+00 5.1986760123e-68 0.0000000000e+00 0.0000000000e+00
1.1739130435e+00 1.7804777827e+01 0.0000000000e+00 5.7948016559e-70 0.0000000000e+00 0.0000000000e+00
1.1763975155e+00 1.8059145754e+01 0.0000000000e+00 6.0545828195e-72 0.0000000000e+00 0.0000000000e+00
1.1788819876e+00 1.8313513682e+01 0.0000000000e+00 5.9296587215e-74 0.0000000000e+00 0.0000000000e+00
1.1813664596e+00 1.8567881610e+01 0.0000000000e+00 5.4434595293e-76 0.0000000000e+00 0.0000000000e+00
1.1838509317e+00 1.8822249537e+01 0.0000000000e+00 4.6840349180e-78 0.0000000000e+00 0.0000000000e+00
1.1863354037e+00 1.9076617465e+01 0.0000000000e+00 3.7780271548e-80 0.0000000000e+00 0.0000000000e+00
1.1888198758e+00 1.9330985392e+01 0.0000000000e+00 2.8563396722e-82 0.0000000000e+00 0.0000000000e+00
1.1913043478e+00 1.9585353320e+01 0.0000000000e+00 2.0242048185e-84 0.0000000000e+00 0.0000000000e+00
1.1937888199e+00 1.9839721248e+01 0.0000000000e+00 1.3446178813e-86 0.0000000000e+00 0.0000000000e+00
1.1962732919e+00 2.0094089175e+01 0.0000000000e+00 8.3722682744e-89 0.0000000000e+00 0.0000000000e+00
1.1987577640e+00 2.0348457103e+01 0.0000000000e+00 4.8863797478e-91 0.0000000000e+00 0.0000000000e+00
