3.2715475597e+03 1.5193060000e+06 1.6422675597e+03 1.0000000000e+00 1.2183718560e+09
3.2723329578e+03 1.5203090000e+06 1.6430529578e+03 2.0000000000e+00 1.2662514840e+09
3.2731183560e+03 1.5212080000e+06 1.6438383560e+03 1.0000000000e+00 1.3164184360e+09
3.2739037542e+03 1.5221570000e+06 1.6446237542e+03 2.0000000000e+00 1.3737557280e+09
3.2746891523e+03 1.5231210000e+06 1.6454091523e+03 1.0000000000e+00 1.4221359200e+09
3.2754745505e+03 1.5242130000e+06 1.6461945505e+03 2.0000000000e+00 1.4721755040e+09
3.2762599486e+03 1.5252100000e+06 1.6469799486e+03 1.0000000000e+00 1.5153011800e+09
3.2770453468e+03 1.5262570000e+06 1.6477653468e+03 2.0000000000e+00 1.5642789480e+09
3.2778307450e+03 1.5273690000e+06 1.6485507450e+03 1.0000000000e+00 1.6056306720e+09
3.2786161431e+03 1.5284010000e+06 1.6493361431e+03 2.0000000000e+00 1.6142606320e+09
3.2794015413e+03 1.5294540000e+06 1.6501215413e+03 1.0000000000e+00 1.6390767840e+09
3.2801869395e+03 1.5304630000e+06 1.6509069395e+03 1.0000000000e+00 1.6595788320e+09
3.2809723376e+03 1.5314350000e+06 1.6516923376e+03 2.0000000000e+00 1.6751015080e+09
3.2817577358e+03 1.5324650000e+06 1.6524777358e+03 1.0000000000e+00 1.6956632160e+09
3.2825431339e+03 1.5334080000e+06 1.6532631339e+03 2.0000000000e+00 1.7205265440e+09
3.2833285321e+03 1.5342720000e+06 1.6540485321e+03 1.0000000000e+00 1.7419682400e+09
3.2841139303e+03 1.5352250000e+06 1.6548339303e+03 2.0000000000e+00 1.7778874040e+09
3.2848993284e+03 1.5360480000e+06 1.6556193284e+03 1.0000000000e+00 1.8046085280e+09
3.2856847266e+03 1.5368190000e+06 1.6564047266e+03 2.0000000000e+00 1.8260480160e+09
3.2864701248e+03 1.5376730000e+06 1.6571901248e+03 1.0000000000e+00 1.8495071840e+09
3.2872555229e+03 1.5385890000e+06 1.6579755229e+03 2.0000000000e+00 1.8755740320e+09
3.2880409211e+03 1.5394160000e+06 1.6587609211e+03 1.0000000000e+00 1.8901683800e+09
3.2888263193e+03 1.5401880000e+06 1.6595463193e+03 2.0000000000e+00 1.9043884320e+09
3.2896117174e+03 1.5410620000e+06 1.6603317174e+03 1.0000000000e+00 1.9230303840e+09
3.2903971156e+03 1.5419300000e+06 1.6611171156e+03 2.0000000000e+00 1.9339039320e+09
3.2911825137e+03 1.5428120000e+06 1.6619025137e+03 1.0000000000e+00 1.9477848480e+09
3.2919679119e+03 1.5436350000e+06 1.6626879119e+03 2.0000000000e+00 1.9740150240e+09
3.2927533101e+03 1.5445100000e+06 1.6634733101e+03 1.0000000000e+00 1.9901752800e+09
3.2935387082e+03 1.5454850000e+06 1.6642587082e+03 2.0000000000e+00 1.9972675680e+09
3.2943241064e+03 1.5463570000e+06 1.6650441064e+03 1.0000000000e+00 2.0206457760e+09
3.2951095046e+03 1.5471950000e+06 1.6658295046e+03 2.0000000000e+00 2.0311766880e+09
3.2958949027e+03 1.5480440000e+06 1.6666149027e+03 1.0000000000e+00 2.0433096480e+09
3.2966803009e+03 1.5489940000e+06 1.6674003009e+03 2.0000000000e+00 2.0631941280e+09
3.2974656991e+03 1.5499010000e+06 1.6681856991e+03 1.0000000000e+00 2.0766247200e+09
3.2982510972e+03 1.5508090000e+06 1.6689710972e+03 2.0000000000e+00 2.0998361120e+09
3.2990364954e+03 1.5517000000e+06 1.6697564954e+03 1.0000000000e+00 2.1207045600e+09
3.2998218935e+03 1.5525510000e+06 1.6705418935e+03 2.0000000000e+00 2.1458575200e+09
3.3006072917e+03 1.5533880000e+06 1.6713272917e+03 1.0000000000e+00 2.1636500640e+09
3.3013926899e+03 1.5543200000e+06 1.6721126899e+03 2.0000000000e+00 2.1737206560e+09
3.3021780880e+03 1.5552400000e+06 1.6728980880e+03 1.0000000000e+00 2.1906382880e+09
3.3029634862e+03 1.5561090000e+06 1.6736834862e+03 2.0000000000e+00 2.2131401760e+09
3.3037488844e+03 1.5569530000e+06 1.6744688844e+03 1.0000000000e+00 2.2222531680e+09
3.3045342825e+03 1.5577580000e+06 1.6752542825e+03 2.0000000000e+00 2.2325781080e+09
3.3053196807e+03 1.5585580000e+06 1.6760396807e+03 1.0000000000e+00 2.2472260320e+09
3.3061050789e+03 1.5593890000e+06 1.6768250789e+03 2.0000000000e+00 2.2628409400e+09
3.3068904770e+03 1.5602950000e+06 1.6776104770e+03 1.0000000000e+00 2.2826451360e+09
3.3076758752e+03 1.5612260000e+06 1.6783958752e+03 2.0000000000e+00 2.2884129120e+09
3.3084612733e+03 1.5620850000e+06 1.6791812733e+03 1.0000000000e+00 2.3022782880e+09
3.3092466715e+03 1.5629730000e+06 1.6799666715e+03 2.0000000000e+00 2.3094290400e+09
3.3100320697e+03 1.5639250000e+06 1.6807520697e+03 1.0000000000e+00 2.3170206240e+09
3.3108174678e+03 1.5647880000e+06 1.6815374678e+03 2.0000000000e+00 2.3373533280e+09
3.3116028660e+03 1.5657310000e+06 1.6823228660e+03 1.0000000000e+00 2.3563117920e+09
3.3123882642e+03 1.5667320000e+06 1.6831082642e+03 2.0000000000e+00 2.3608699680e+09
3.3131736623e+03 1.5677110000e+06 1.6838936623e+03 1.0000000000e+00 2.3745505440e+09
3.3139590605e+03 1.5687240000e+06 1.6846790605e+03 2.0000000000e+00 2.3786681520e+09
3.3147444586e+03 1.5696620000e+06 1.6854644586e+03 1.0000000000e+00 2.3991649680e+09
3.3155298568e+03 1.5706400000e+06 1.6862498568e+03 2.0000000000e+00 2.3990315040e+09
3.3163152550e+03 1.5715950000e+06 1.6870352550e+03 1.0000000000e+00 2.4161157600e+09
3.3171006531e+03 1.5725490000e+06 1.6878206531e+03 1.0000000000e+00 2.4272126920e+09
3.3178860513e+03 1.5735400000e+06 1.6886060513e+03 2.0000000000e+00 2.4347777040e+09
3.3186714495e+03 1.5746480000e+06 1.6893914495e+03 1.0000000000e+00 2.4497339040e+09
3.3194568476e+03 1.5756420000e+06 1.6901768476e+03 2.0000000000e+00 2.4420544680e+09
3.3202422458e+03 1.5765840000e+06 1.6909622458e+03 1.0000000000e+00 2.4533579080e+09
3.3210276440e+03 1.5776440000e+06 1.6917476440e+03 2.0000000000e+00 2.4657247200e+09
3.3218130421e+03 1.5786650000e+06 1.6925330421e+03 1.0000000000e+00 2.4750759120e+09
3.3225984403e+03 1.5797820000e+06 1.6933184403e+03 1.0000000000e+00 2.4885187360e+09
3.3233838384e+03 1.5808570000e+06 1.6941038384e+03 2.0000000000e+00 2.4948547160e+09
3.3241692366e+03 1.5819240000e+06 1.6948892366e+03 1.0000000000e+00 2.5172531040e+09
3.3249546348e+03 1.5829790000e+06 1.6956746348e+03 2.0000000000e+00 2.5177288800e+09
3.3257400329e+03 1.5840120000e+06 1.6964600329e+03 1.0000000000e+00 2.5115720160e+09
3.3265254311e+03 1.5849730000e+06 1.6972454311e+03 2.0000000000e+00 2.5138937800e+09
3.3273108293e+03 1.5859080000e+06 1.6980308293e+03 1.0000000000e+00 2.5279397040e+09
3.3280962274e+03 1.5868490000e+06 1.6988162274e+03 2.0000000000e+00 2.5398363360e+09
